Using built-in specs.
COLLECT_GCC=C:\msys64\ucrt64\bin\g++.exe
Target: x86_64-w64-mingw32
Configured with: ../gcc-16.1.0/configure --prefix=/ucrt64 --with-local-prefix=/ucrt64/local --libexecdir=/ucrt64/lib --enable-bootstrap --enable-checking=release --with-arch=nocona --with-tune=generic --enable-mingw-wildcard --enable-languages=c,c++,ada,fortran,lto,objc,obj-c++,jit --enable-shared --enable-static --enable-libatomic --enable-threads=posix --enable-tls --enable-graphite --enable-fully-dynamic-string --enable-libstdcxx-backtrace=yes --enable-libstdcxx-filesystem-ts --enable-libstdcxx-time --disable-libstdcxx-pch --enable-libgomp --disable-libssp --disable-multilib --disable-rpath --disable-win32-registry --disable-nls --disable-werror --disable-symvers --with-libiconv --with-system-zlib --with-gmp=/ucrt64 --with-mpfr=/ucrt64 --with-mpc=/ucrt64 --with-isl=/ucrt64 --with-pkgversion='Rev5, Built by MSYS2 project' --with-bugurl=https://github.com/msys2/MINGW-packages/issues --with-gnu-as --with-gnu-ld --with-libstdcxx-zoneinfo=yes --disable-libstdcxx-debug --enable-lto --with-boot-ldflags=-static-libstdc++ --with-stage1-ldflags=-static-libstdc++
Thread model: posix
Supported LTO compression algorithms: zlib zstd
gcc version 16.1.0 (Rev5, Built by MSYS2 project) 
COLLECT_GCC_OPTIONS='-v' '-c' '-o' 'test.o' '-shared-libgcc' '-mtune=generic' '-march=nocona'
 C:/msys64/ucrt64/bin/../lib/gcc/x86_64-w64-mingw32/16.1.0/cc1plus.exe -quiet -v -iprefix C:/msys64/ucrt64/bin/../lib/gcc/x86_64-w64-mingw32/16.1.0/ -D_REENTRANT JAVIER_PE_01.cpp -quiet -dumpbase test.cpp -dumpbase-ext .cpp -mtune=generic -march=nocona -version -o C:\msys64\tmp\ccL17zGL.s
